# serializer version: 1
# name: test_statistics_payloads
  dict({
    'edata:aa0a_consumption': list([
      0.05,
      0.15,
      0.25,
      0.35,
      0.45,
      0.55,
      0.65,
      0.75,
      0.85,
      0.95,
      1.05,
      1.15,
      1.25,
      1.35,
      1.45,
      1.55,
      1.65,
      1.75,
      1.85,
      1.95,
      2.05,
      2.15,
      2.25,
      2.35,
      0.05,
      0.15,
      0.25,
      0.35,
      0.45,
      0.55,
      0.65,
      0.75,
      0.85,
      0.95,
      1.05,
      1.15,
      1.25,
      1.35,
      1.45,
      1.55,
      1.65,
      1.75,
      1.85,
      1.95,
      2.05,
      2.15,
      2.25,
      2.35,
    ]),
    'edata:aa0a_cost': list([
      50.0,
      55.0,
    ]),
    'edata:aa0a_energy_cost': list([
      35.0,
      38.0,
    ]),
    'edata:aa0a_maximeter': list([
      3.0,
      3.1,
      3.2,
      3.3,
      3.4,
      3.5,
    ]),
    'edata:aa0a_p1_consumption': list([
      1.05,
      1.15,
      1.25,
      1.35,
      1.85,
      1.95,
      2.05,
      2.15,
    ]),
    'edata:aa0a_p2_consumption': list([
      0.85,
      0.95,
      1.45,
      1.55,
      1.65,
      1.75,
      2.25,
      2.35,
    ]),
    'edata:aa0a_p3_consumption': list([
      0.05,
      0.15,
      0.25,
      0.35,
      0.45,
      0.55,
      0.65,
      0.75,
      0.85,
      0.95,
      1.05,
      1.15,
      1.25,
      1.35,
      1.45,
      1.55,
      1.65,
      1.75,
      1.85,
      1.95,
      2.05,
      2.15,
      2.25,
      2.35,
      0.05,
      0.15,
      0.25,
      0.35,
      0.45,
      0.55,
      0.65,
      0.75,
    ]),
    'edata:aa0a_p3_cost': list([
      50.0,
      55.0,
    ]),
    'edata:aa0a_p3_energy_cost': list([
      35.0,
      38.0,
    ]),
    'edata:aa0a_power_cost': list([
      14.0,
      15.0,
    ]),
    'edata:aa0a_surplus': list([
      0.0,
      0.01,
      0.02,
      0.03,
      0.04,
      0.05,
      0.06,
      0.07,
      0.08,
      0.09,
      0.1,
      0.11,
      0.0,
      0.01,
      0.02,
      0.03,
      0.04,
      0.05,
      0.06,
      0.07,
      0.08,
      0.09,
      0.1,
      0.11,
      0.0,
      0.01,
      0.02,
      0.03,
      0.04,
      0.05,
      0.06,
      0.07,
      0.08,
      0.09,
      0.1,
      0.11,
      0.0,
      0.01,
      0.02,
      0.03,
      0.04,
      0.05,
      0.06,
      0.07,
      0.08,
      0.09,
      0.1,
      0.11,
    ]),
  })
# ---
