# serializer version: 1
# name: test_statistics_payloads
  dict({
    'edata:aa0a_consumption': list([
      0.05,
      0.15,
      0.25,
      0.35,
      0.45,
      0.55,
      0.65,
      0.75,
      0.85,
      0.95,
      1.05,
      1.15,
      1.25,
      1.35,
      1.45,
      1.55,
      1.65,
      1.75,
      1.85,
      1.95,
      2.05,
      2.15,
      2.25,
      2.35,
      0.05,
      0.15,
      0.25,
      0.35,
      0.45,
      0.55,
      0.65,
      0.75,
      0.85,
      0.95,
      1.05,
      1.15,
      1.25,
      1.35,
      1.45,
      1.55,
      1.65,
      1.75,
      1.85,
      1.95,
      2.05,
      2.15,
      2.25,
      2.35,
    ]),
    'edata:aa0a_cost': list([
      0.05,
      0.051,
      0.052,
      0.053,
      0.054,
      0.055,
      0.056,
      0.057,
      0.058,
      0.059,
      0.06,
      0.061,
      0.062,
      0.063,
      0.064,
      0.065,
      0.066,
      0.067,
      0.068,
      0.069,
      0.07,
      0.071,
      0.072,
      0.073,
      0.074,
      0.075,
      0.076,
      0.077,
      0.078,
      0.079,
      0.08,
      0.081,
      0.082,
      0.083,
      0.084,
      0.085,
      0.086,
      0.087,
      0.088,
      0.089,
      0.09,
      0.091,
      0.092,
      0.093,
      0.094,
      0.095,
      0.096,
      0.097,
    ]),
    'edata:aa0a_energy_cost': list([
      0.04,
      0.041,
      0.042,
      0.043,
      0.044,
      0.045,
      0.046,
      0.047,
      0.048,
      0.049,
      0.05,
      0.051,
      0.052,
      0.053,
      0.054,
      0.055,
      0.056,
      0.057,
      0.058,
      0.059,
      0.06,
      0.061,
      0.062,
      0.063,
      0.064,
      0.065,
      0.066,
      0.067,
      0.068,
      0.069,
      0.07,
      0.071,
      0.072,
      0.073,
      0.074,
      0.075,
      0.076,
      0.077,
      0.078,
      0.079,
      0.08,
      0.081,
      0.082,
      0.083,
      0.084,
      0.085,
      0.086,
      0.087,
    ]),
    'edata:aa0a_maximeter': list([
      3.0,
      3.1,
      3.2,
      3.3,
      3.4,
      3.5,
    ]),
    'edata:aa0a_p1_consumption': list([
      1.05,
      1.15,
      1.25,
      1.35,
      1.85,
      1.95,
      2.05,
      2.15,
    ]),
    'edata:aa0a_p1_cost': list([
      0.084,
      0.085,
      0.086,
      0.087,
      0.092,
      0.093,
      0.094,
      0.095,
    ]),
    'edata:aa0a_p1_energy_cost': list([
      0.074,
      0.075,
      0.076,
      0.077,
      0.082,
      0.083,
      0.084,
      0.085,
    ]),
    'edata:aa0a_p2_consumption': list([
      0.85,
      0.95,
      1.45,
      1.55,
      1.65,
      1.75,
      2.25,
      2.35,
    ]),
    'edata:aa0a_p2_cost': list([
      0.082,
      0.083,
      0.088,
      0.089,
      0.09,
      0.091,
      0.096,
      0.097,
    ]),
    'edata:aa0a_p2_energy_cost': list([
      0.072,
      0.073,
      0.078,
      0.079,
      0.08,
      0.081,
      0.086,
      0.087,
    ]),
    'edata:aa0a_p3_consumption': list([
      0.05,
      0.15,
      0.25,
      0.35,
      0.45,
      0.55,
      0.65,
      0.75,
      0.85,
      0.95,
      1.05,
      1.15,
      1.25,
      1.35,
      1.45,
      1.55,
      1.65,
      1.75,
      1.85,
      1.95,
      2.05,
      2.15,
      2.25,
      2.35,
      0.05,
      0.15,
      0.25,
      0.35,
      0.45,
      0.55,
      0.65,
      0.75,
    ]),
    'edata:aa0a_p3_cost': list([
      0.05,
      0.051,
      0.052,
      0.053,
      0.054,
      0.055,
      0.056,
      0.057,
      0.058,
      0.059,
      0.06,
      0.061,
      0.062,
      0.063,
      0.064,
      0.065,
      0.066,
      0.067,
      0.068,
      0.069,
      0.07,
      0.071,
      0.072,
      0.073,
      0.074,
      0.075,
      0.076,
      0.077,
      0.078,
      0.079,
      0.08,
      0.081,
    ]),
    'edata:aa0a_p3_energy_cost': list([
      0.04,
      0.041,
      0.042,
      0.043,
      0.044,
      0.045,
      0.046,
      0.047,
      0.048,
      0.049,
      0.05,
      0.051,
      0.052,
      0.053,
      0.054,
      0.055,
      0.056,
      0.057,
      0.058,
      0.059,
      0.06,
      0.061,
      0.062,
      0.063,
      0.064,
      0.065,
      0.066,
      0.067,
      0.068,
      0.069,
      0.07,
      0.071,
    ]),
    'edata:aa0a_power_cost': list([
      0.01,
      0.01,
      0.01,
      0.01,
      0.01,
      0.01,
      0.01,
      0.01,
      0.01,
      0.01,
      0.01,
      0.01,
      0.01,
      0.01,
      0.01,
      0.01,
      0.01,
      0.01,
      0.01,
      0.01,
      0.01,
      0.01,
      0.01,
      0.01,
      0.01,
      0.01,
      0.01,
      0.01,
      0.01,
      0.01,
      0.01,
      0.01,
      0.01,
      0.01,
      0.01,
      0.01,
      0.01,
      0.01,
      0.01,
      0.01,
      0.01,
      0.01,
      0.01,
      0.01,
      0.01,
      0.01,
      0.01,
      0.01,
    ]),
    'edata:aa0a_surplus': list([
      0.0,
      0.01,
      0.02,
      0.03,
      0.04,
      0.05,
      0.06,
      0.07,
      0.08,
      0.09,
      0.1,
      0.11,
      0.0,
      0.01,
      0.02,
      0.03,
      0.04,
      0.05,
      0.06,
      0.07,
      0.08,
      0.09,
      0.1,
      0.11,
      0.0,
      0.01,
      0.02,
      0.03,
      0.04,
      0.05,
      0.06,
      0.07,
      0.08,
      0.09,
      0.1,
      0.11,
      0.0,
      0.01,
      0.02,
      0.03,
      0.04,
      0.05,
      0.06,
      0.07,
      0.08,
      0.09,
      0.1,
      0.11,
    ]),
  })
# ---
